23:57:20 **** Build of configuration Debug for project lpc_chip_82x ****
make -r all 
Building file: ../src/acmp_8xx.c
Invoking: MCU C Compiler
arm-none-eabi-gcc -D__REDLIB__ -DDEBUG -D__CODE_RED -D__USE_LPCOPEN -DCORE_M0PLUS -I"/media/milton/Data/embedded systems/nxp/nxp/nxp-linux/lpc_chip_82x/inc" -O0 -g3 -Wall -c -fmessage-length=0 -fno-builtin -ffunction-sections -fdata-sections -mcpu=cortex-m0 -mthumb -specs=redlib.specs -MMD -MP -MF"src/acmp_8xx.d" -MT"src/acmp_8xx.o" -MT"src/acmp_8xx.d" -o "src/acmp_8xx.o" "../src/acmp_8xx.c"
Finished building: ../src/acmp_8xx.c
 
Building file: ../src/adc_8xx.c
Invoking: MCU C Compiler
arm-none-eabi-gcc -D__REDLIB__ -DDEBUG -D__CODE_RED -D__USE_LPCOPEN -DCORE_M0PLUS -I"/media/milton/Data/embedded systems/nxp/nxp/nxp-linux/lpc_chip_82x/inc" -O0 -g3 -Wall -c -fmessage-length=0 -fno-builtin -ffunction-sections -fdata-sections -mcpu=cortex-m0 -mthumb -specs=redlib.specs -MMD -MP -MF"src/adc_8xx.d" -MT"src/adc_8xx.o" -MT"src/adc_8xx.d" -o "src/adc_8xx.o" "../src/adc_8xx.c"
Finished building: ../src/adc_8xx.c
 
Building file: ../src/chip_8xx.c
Invoking: MCU C Compiler
arm-none-eabi-gcc -D__REDLIB__ -DDEBUG -D__CODE_RED -D__USE_LPCOPEN -DCORE_M0PLUS -I"/media/milton/Data/embedded systems/nxp/nxp/nxp-linux/lpc_chip_82x/inc" -O0 -g3 -Wall -c -fmessage-length=0 -fno-builtin -ffunction-sections -fdata-sections -mcpu=cortex-m0 -mthumb -specs=redlib.specs -MMD -MP -MF"src/chip_8xx.d" -MT"src/chip_8xx.o" -MT"src/chip_8xx.d" -o "src/chip_8xx.o" "../src/chip_8xx.c"
Finished building: ../src/chip_8xx.c
 
Building file: ../src/clock_8xx.c
Invoking: MCU C Compiler
arm-none-eabi-gcc -D__REDLIB__ -DDEBUG -D__CODE_RED -D__USE_LPCOPEN -DCORE_M0PLUS -I"/media/milton/Data/embedded systems/nxp/nxp/nxp-linux/lpc_chip_82x/inc" -O0 -g3 -Wall -c -fmessage-length=0 -fno-builtin -ffunction-sections -fdata-sections -mcpu=cortex-m0 -mthumb -specs=redlib.specs -MMD -MP -MF"src/clock_8xx.d" -MT"src/clock_8xx.o" -MT"src/clock_8xx.d" -o "src/clock_8xx.o" "../src/clock_8xx.c"
Finished building: ../src/clock_8xx.c
 
Building file: ../src/crc_8xx.c
Invoking: MCU C Compiler
arm-none-eabi-gcc -D__REDLIB__ -DDEBUG -D__CODE_RED -D__USE_LPCOPEN -DCORE_M0PLUS -I"/media/milton/Data/embedded systems/nxp/nxp/nxp-linux/lpc_chip_82x/inc" -O0 -g3 -Wall -c -fmessage-length=0 -fno-builtin -ffunction-sections -fdata-sections -mcpu=cortex-m0 -mthumb -specs=redlib.specs -MMD -MP -MF"src/crc_8xx.d" -MT"src/crc_8xx.o" -MT"src/crc_8xx.d" -o "src/crc_8xx.o" "../src/crc_8xx.c"
Finished building: ../src/crc_8xx.c
 
Building file: ../src/dma_8xx.c
Invoking: MCU C Compiler
arm-none-eabi-gcc -D__REDLIB__ -DDEBUG -D__CODE_RED -D__USE_LPCOPEN -DCORE_M0PLUS -I"/media/milton/Data/embedded systems/nxp/nxp/nxp-linux/lpc_chip_82x/inc" -O0 -g3 -Wall -c -fmessage-length=0 -fno-builtin -ffunction-sections -fdata-sections -mcpu=cortex-m0 -mthumb -specs=redlib.specs -MMD -MP -MF"src/dma_8xx.d" -MT"src/dma_8xx.o" -MT"src/dma_8xx.d" -o "src/dma_8xx.o" "../src/dma_8xx.c"
Finished building: ../src/dma_8xx.c
 
Building file: ../src/gpio_8xx.c
Invoking: MCU C Compiler
arm-none-eabi-gcc -D__REDLIB__ -DDEBUG -D__CODE_RED -D__USE_LPCOPEN -DCORE_M0PLUS -I"/media/milton/Data/embedded systems/nxp/nxp/nxp-linux/lpc_chip_82x/inc" -O0 -g3 -Wall -c -fmessage-length=0 -fno-builtin -ffunction-sections -fdata-sections -mcpu=cortex-m0 -mthumb -specs=redlib.specs -MMD -MP -MF"src/gpio_8xx.d" -MT"src/gpio_8xx.o" -MT"src/gpio_8xx.d" -o "src/gpio_8xx.o" "../src/gpio_8xx.c"
Finished building: ../src/gpio_8xx.c
 
Building file: ../src/i2c_common_8xx.c
Invoking: MCU C Compiler
arm-none-eabi-gcc -D__REDLIB__ -DDEBUG -D__CODE_RED -D__USE_LPCOPEN -DCORE_M0PLUS -I"/media/milton/Data/embedded systems/nxp/nxp/nxp-linux/lpc_chip_82x/inc" -O0 -g3 -Wall -c -fmessage-length=0 -fno-builtin -ffunction-sections -fdata-sections -mcpu=cortex-m0 -mthumb -specs=redlib.specs -MMD -MP -MF"src/i2c_common_8xx.d" -MT"src/i2c_common_8xx.o" -MT"src/i2c_common_8xx.d" -o "src/i2c_common_8xx.o" "../src/i2c_common_8xx.c"
Finished building: ../src/i2c_common_8xx.c
 
Building file: ../src/i2cm_8xx.c
Invoking: MCU C Compiler
arm-none-eabi-gcc -D__REDLIB__ -DDEBUG -D__CODE_RED -D__USE_LPCOPEN -DCORE_M0PLUS -I"/media/milton/Data/embedded systems/nxp/nxp/nxp-linux/lpc_chip_82x/inc" -O0 -g3 -Wall -c -fmessage-length=0 -fno-builtin -ffunction-sections -fdata-sections -mcpu=cortex-m0 -mthumb -specs=redlib.specs -MMD -MP -MF"src/i2cm_8xx.d" -MT"src/i2cm_8xx.o" -MT"src/i2cm_8xx.d" -o "src/i2cm_8xx.o" "../src/i2cm_8xx.c"
Finished building: ../src/i2cm_8xx.c
 
Building file: ../src/i2cs_8xx.c
Invoking: MCU C Compiler
arm-none-eabi-gcc -D__REDLIB__ -DDEBUG -D__CODE_RED -D__USE_LPCOPEN -DCORE_M0PLUS -I"/media/milton/Data/embedded systems/nxp/nxp/nxp-linux/lpc_chip_82x/inc" -O0 -g3 -Wall -c -fmessage-length=0 -fno-builtin -ffunction-sections -fdata-sections -mcpu=cortex-m0 -mthumb -specs=redlib.specs -MMD -MP -MF"src/i2cs_8xx.d" -MT"src/i2cs_8xx.o" -MT"src/i2cs_8xx.d" -o "src/i2cs_8xx.o" "../src/i2cs_8xx.c"
Finished building: ../src/i2cs_8xx.c
 
Building file: ../src/iap.c
Invoking: MCU C Compiler
arm-none-eabi-gcc -D__REDLIB__ -DDEBUG -D__CODE_RED -D__USE_LPCOPEN -DCORE_M0PLUS -I"/media/milton/Data/embedded systems/nxp/nxp/nxp-linux/lpc_chip_82x/inc" -O0 -g3 -Wall -c -fmessage-length=0 -fno-builtin -ffunction-sections -fdata-sections -mcpu=cortex-m0 -mthumb -specs=redlib.specs -MMD -MP -MF"src/iap.d" -MT"src/iap.o" -MT"src/iap.d" -o "src/iap.o" "../src/iap.c"
Finished building: ../src/iap.c
 
Building file: ../src/iocon_8xx.c
Invoking: MCU C Compiler
arm-none-eabi-gcc -D__REDLIB__ -DDEBUG -D__CODE_RED -D__USE_LPCOPEN -DCORE_M0PLUS -I"/media/milton/Data/embedded systems/nxp/nxp/nxp-linux/lpc_chip_82x/inc" -O0 -g3 -Wall -c -fmessage-length=0 -fno-builtin -ffunction-sections -fdata-sections -mcpu=cortex-m0 -mthumb -specs=redlib.specs -MMD -MP -MF"src/iocon_8xx.d" -MT"src/iocon_8xx.o" -MT"src/iocon_8xx.d" -o "src/iocon_8xx.o" "../src/iocon_8xx.c"
Finished building: ../src/iocon_8xx.c
 
Building file: ../src/irc_8xx.c
Invoking: MCU C Compiler
arm-none-eabi-gcc -D__REDLIB__ -DDEBUG -D__CODE_RED -D__USE_LPCOPEN -DCORE_M0PLUS -I"/media/milton/Data/embedded systems/nxp/nxp/nxp-linux/lpc_chip_82x/inc" -O0 -g3 -Wall -c -fmessage-length=0 -fno-builtin -ffunction-sections -fdata-sections -mcpu=cortex-m0 -mthumb -specs=redlib.specs -MMD -MP -MF"src/irc_8xx.d" -MT"src/irc_8xx.o" -MT"src/irc_8xx.d" -o "src/irc_8xx.o" "../src/irc_8xx.c"
Finished building: ../src/irc_8xx.c
 
Building file: ../src/pinint_8xx.c
Invoking: MCU C Compiler
arm-none-eabi-gcc -D__REDLIB__ -DDEBUG -D__CODE_RED -D__USE_LPCOPEN -DCORE_M0PLUS -I"/media/milton/Data/embedded systems/nxp/nxp/nxp-linux/lpc_chip_82x/inc" -O0 -g3 -Wall -c -fmessage-length=0 -fno-builtin -ffunction-sections -fdata-sections -mcpu=cortex-m0 -mthumb -specs=redlib.specs -MMD -MP -MF"src/pinint_8xx.d" -MT"src/pinint_8xx.o" -MT"src/pinint_8xx.d" -o "src/pinint_8xx.o" "../src/pinint_8xx.c"
Finished building: ../src/pinint_8xx.c
 
Building file: ../src/pmu_8xx.c
Invoking: MCU C Compiler
arm-none-eabi-gcc -D__REDLIB__ -DDEBUG -D__CODE_RED -D__USE_LPCOPEN -DCORE_M0PLUS -I"/media/milton/Data/embedded systems/nxp/nxp/nxp-linux/lpc_chip_82x/inc" -O0 -g3 -Wall -c -fmessage-length=0 -fno-builtin -ffunction-sections -fdata-sections -mcpu=cortex-m0 -mthumb -specs=redlib.specs -MMD -MP -MF"src/pmu_8xx.d" -MT"src/pmu_8xx.o" -MT"src/pmu_8xx.d" -o "src/pmu_8xx.o" "../src/pmu_8xx.c"
Finished building: ../src/pmu_8xx.c
 
Building file: ../src/ring_buffer.c
Invoking: MCU C Compiler
arm-none-eabi-gcc -D__REDLIB__ -DDEBUG -D__CODE_RED -D__USE_LPCOPEN -DCORE_M0PLUS -I"/media/milton/Data/embedded systems/nxp/nxp/nxp-linux/lpc_chip_82x/inc" -O0 -g3 -Wall -c -fmessage-length=0 -fno-builtin -ffunction-sections -fdata-sections -mcpu=cortex-m0 -mthumb -specs=redlib.specs -MMD -MP -MF"src/ring_buffer.d" -MT"src/ring_buffer.o" -MT"src/ring_buffer.d" -o "src/ring_buffer.o" "../src/ring_buffer.c"
Finished building: ../src/ring_buffer.c
 
Building file: ../src/sct_8xx.c
Invoking: MCU C Compiler
arm-none-eabi-gcc -D__REDLIB__ -DDEBUG -D__CODE_RED -D__USE_LPCOPEN -DCORE_M0PLUS -I"/media/milton/Data/embedded systems/nxp/nxp/nxp-linux/lpc_chip_82x/inc" -O0 -g3 -Wall -c -fmessage-length=0 -fno-builtin -ffunction-sections -fdata-sections -mcpu=cortex-m0 -mthumb -specs=redlib.specs -MMD -MP -MF"src/sct_8xx.d" -MT"src/sct_8xx.o" -MT"src/sct_8xx.d" -o "src/sct_8xx.o" "../src/sct_8xx.c"
Finished building: ../src/sct_8xx.c
 
Building file: ../src/sct_pwm_8xx.c
Invoking: MCU C Compiler
arm-none-eabi-gcc -D__REDLIB__ -DDEBUG -D__CODE_RED -D__USE_LPCOPEN -DCORE_M0PLUS -I"/media/milton/Data/embedded systems/nxp/nxp/nxp-linux/lpc_chip_82x/inc" -O0 -g3 -Wall -c -fmessage-length=0 -fno-builtin -ffunction-sections -fdata-sections -mcpu=cortex-m0 -mthumb -specs=redlib.specs -MMD -MP -MF"src/sct_pwm_8xx.d" -MT"src/sct_pwm_8xx.o" -MT"src/sct_pwm_8xx.d" -o "src/sct_pwm_8xx.o" "../src/sct_pwm_8xx.c"
Finished building: ../src/sct_pwm_8xx.c
 
Building file: ../src/spi_8xx.c
Invoking: MCU C Compiler
arm-none-eabi-gcc -D__REDLIB__ -DDEBUG -D__CODE_RED -D__USE_LPCOPEN -DCORE_M0PLUS -I"/media/milton/Data/embedded systems/nxp/nxp/nxp-linux/lpc_chip_82x/inc" -O0 -g3 -Wall -c -fmessage-length=0 -fno-builtin -ffunction-sections -fdata-sections -mcpu=cortex-m0 -mthumb -specs=redlib.specs -MMD -MP -MF"src/spi_8xx.d" -MT"src/spi_8xx.o" -MT"src/spi_8xx.d" -o "src/spi_8xx.o" "../src/spi_8xx.c"
Finished building: ../src/spi_8xx.c
 
Building file: ../src/spim_8xx.c
Invoking: MCU C Compiler
arm-none-eabi-gcc -D__REDLIB__ -DDEBUG -D__CODE_RED -D__USE_LPCOPEN -DCORE_M0PLUS -I"/media/milton/Data/embedded systems/nxp/nxp/nxp-linux/lpc_chip_82x/inc" -O0 -g3 -Wall -c -fmessage-length=0 -fno-builtin -ffunction-sections -fdata-sections -mcpu=cortex-m0 -mthumb -specs=redlib.specs -MMD -MP -MF"src/spim_8xx.d" -MT"src/spim_8xx.o" -MT"src/spim_8xx.d" -o "src/spim_8xx.o" "../src/spim_8xx.c"
Finished building: ../src/spim_8xx.c
 
Building file: ../src/spis_8xx.c
Invoking: MCU C Compiler
arm-none-eabi-gcc -D__REDLIB__ -DDEBUG -D__CODE_RED -D__USE_LPCOPEN -DCORE_M0PLUS -I"/media/milton/Data/embedded systems/nxp/nxp/nxp-linux/lpc_chip_82x/inc" -O0 -g3 -Wall -c -fmessage-length=0 -fno-builtin -ffunction-sections -fdata-sections -mcpu=cortex-m0 -mthumb -specs=redlib.specs -MMD -MP -MF"src/spis_8xx.d" -MT"src/spis_8xx.o" -MT"src/spis_8xx.d" -o "src/spis_8xx.o" "../src/spis_8xx.c"
Finished building: ../src/spis_8xx.c
 
Building file: ../src/stopwatch_8xx.c
Invoking: MCU C Compiler
arm-none-eabi-gcc -D__REDLIB__ -DDEBUG -D__CODE_RED -D__USE_LPCOPEN -DCORE_M0PLUS -I"/media/milton/Data/embedded systems/nxp/nxp/nxp-linux/lpc_chip_82x/inc" -O0 -g3 -Wall -c -fmessage-length=0 -fno-builtin -ffunction-sections -fdata-sections -mcpu=cortex-m0 -mthumb -specs=redlib.specs -MMD -MP -MF"src/stopwatch_8xx.d" -MT"src/stopwatch_8xx.o" -MT"src/stopwatch_8xx.d" -o "src/stopwatch_8xx.o" "../src/stopwatch_8xx.c"
Finished building: ../src/stopwatch_8xx.c
 
Building file: ../src/swm_8xx.c
Invoking: MCU C Compiler
arm-none-eabi-gcc -D__REDLIB__ -DDEBUG -D__CODE_RED -D__USE_LPCOPEN -DCORE_M0PLUS -I"/media/milton/Data/embedded systems/nxp/nxp/nxp-linux/lpc_chip_82x/inc" -O0 -g3 -Wall -c -fmessage-length=0 -fno-builtin -ffunction-sections -fdata-sections -mcpu=cortex-m0 -mthumb -specs=redlib.specs -MMD -MP -MF"src/swm_8xx.d" -MT"src/swm_8xx.o" -MT"src/swm_8xx.d" -o "src/swm_8xx.o" "../src/swm_8xx.c"
Finished building: ../src/swm_8xx.c
 
Building file: ../src/syscon_8xx.c
Invoking: MCU C Compiler
arm-none-eabi-gcc -D__REDLIB__ -DDEBUG -D__CODE_RED -D__USE_LPCOPEN -DCORE_M0PLUS -I"/media/milton/Data/embedded systems/nxp/nxp/nxp-linux/lpc_chip_82x/inc" -O0 -g3 -Wall -c -fmessage-length=0 -fno-builtin -ffunction-sections -fdata-sections -mcpu=cortex-m0 -mthumb -specs=redlib.specs -MMD -MP -MF"src/syscon_8xx.d" -MT"src/syscon_8xx.o" -MT"src/syscon_8xx.d" -o "src/syscon_8xx.o" "../src/syscon_8xx.c"
Finished building: ../src/syscon_8xx.c
 
Building file: ../src/sysinit_8xx.c
Invoking: MCU C Compiler
arm-none-eabi-gcc -D__REDLIB__ -DDEBUG -D__CODE_RED -D__USE_LPCOPEN -DCORE_M0PLUS -I"/media/milton/Data/embedded systems/nxp/nxp/nxp-linux/lpc_chip_82x/inc" -O0 -g3 -Wall -c -fmessage-length=0 -fno-builtin -ffunction-sections -fdata-sections -mcpu=cortex-m0 -mthumb -specs=redlib.specs -MMD -MP -MF"src/sysinit_8xx.d" -MT"src/sysinit_8xx.o" -MT"src/sysinit_8xx.d" -o "src/sysinit_8xx.o" "../src/sysinit_8xx.c"
Finished building: ../src/sysinit_8xx.c
 
Building file: ../src/uart_8xx.c
Invoking: MCU C Compiler
arm-none-eabi-gcc -D__REDLIB__ -DDEBUG -D__CODE_RED -D__USE_LPCOPEN -DCORE_M0PLUS -I"/media/milton/Data/embedded systems/nxp/nxp/nxp-linux/lpc_chip_82x/inc" -O0 -g3 -Wall -c -fmessage-length=0 -fno-builtin -ffunction-sections -fdata-sections -mcpu=cortex-m0 -mthumb -specs=redlib.specs -MMD -MP -MF"src/uart_8xx.d" -MT"src/uart_8xx.o" -MT"src/uart_8xx.d" -o "src/uart_8xx.o" "../src/uart_8xx.c"
Finished building: ../src/uart_8xx.c
 
Building file: ../src/wkt_8xx.c
Invoking: MCU C Compiler
arm-none-eabi-gcc -D__REDLIB__ -DDEBUG -D__CODE_RED -D__USE_LPCOPEN -DCORE_M0PLUS -I"/media/milton/Data/embedded systems/nxp/nxp/nxp-linux/lpc_chip_82x/inc" -O0 -g3 -Wall -c -fmessage-length=0 -fno-builtin -ffunction-sections -fdata-sections -mcpu=cortex-m0 -mthumb -specs=redlib.specs -MMD -MP -MF"src/wkt_8xx.d" -MT"src/wkt_8xx.o" -MT"src/wkt_8xx.d" -o "src/wkt_8xx.o" "../src/wkt_8xx.c"
Finished building: ../src/wkt_8xx.c
 
Building file: ../src/wwdt_8xx.c
Invoking: MCU C Compiler
arm-none-eabi-gcc -D__REDLIB__ -DDEBUG -D__CODE_RED -D__USE_LPCOPEN -DCORE_M0PLUS -I"/media/milton/Data/embedded systems/nxp/nxp/nxp-linux/lpc_chip_82x/inc" -O0 -g3 -Wall -c -fmessage-length=0 -fno-builtin -ffunction-sections -fdata-sections -mcpu=cortex-m0 -mthumb -specs=redlib.specs -MMD -MP -MF"src/wwdt_8xx.d" -MT"src/wwdt_8xx.o" -MT"src/wwdt_8xx.d" -o "src/wwdt_8xx.o" "../src/wwdt_8xx.c"
Finished building: ../src/wwdt_8xx.c
 
Building target: liblpc_chip_82x.a
Invoking: MCU Archiver
arm-none-eabi-ar -r  "liblpc_chip_82x.a"  ./src/acmp_8xx.o ./src/adc_8xx.o ./src/chip_8xx.o ./src/clock_8xx.o ./src/crc_8xx.o ./src/dma_8xx.o ./src/gpio_8xx.o ./src/i2c_common_8xx.o ./src/i2cm_8xx.o ./src/i2cs_8xx.o ./src/iap.o ./src/iocon_8xx.o ./src/irc_8xx.o ./src/pinint_8xx.o ./src/pmu_8xx.o ./src/ring_buffer.o ./src/sct_8xx.o ./src/sct_pwm_8xx.o ./src/spi_8xx.o ./src/spim_8xx.o ./src/spis_8xx.o ./src/stopwatch_8xx.o ./src/swm_8xx.o ./src/syscon_8xx.o ./src/sysinit_8xx.o ./src/uart_8xx.o ./src/wkt_8xx.o ./src/wwdt_8xx.o   
arm-none-eabi-ar: creating liblpc_chip_82x.a
Finished building target: liblpc_chip_82x.a
 
make --no-print-directory post-build
Performing post-build steps
arm-none-eabi-size "liblpc_chip_82x.a" ; # arm-none-eabi-objdump -h -S "liblpc_chip_82x.a" >"liblpc_chip_82x.lss"
   text	   data	    bss	    dec	    hex	filename
    580	      0	      0	    580	    244	acmp_8xx.o (ex liblpc_chip_82x.a)
    380	      0	      0	    380	    17c	adc_8xx.o (ex liblpc_chip_82x.a)
     24	      0	      0	     24	     18	chip_8xx.o (ex liblpc_chip_82x.a)
   1460	      0	      0	   1460	    5b4	clock_8xx.o (ex liblpc_chip_82x.a)
    576	      0	      0	    576	    240	crc_8xx.o (ex liblpc_chip_82x.a)
      0	      0	      0	      0	      0	dma_8xx.o (ex liblpc_chip_82x.a)
    168	      0	      0	    168	     a8	gpio_8xx.o (ex liblpc_chip_82x.a)
    488	      0	      0	    488	    1e8	i2c_common_8xx.o (ex liblpc_chip_82x.a)
    992	      0	      0	    992	    3e0	i2cm_8xx.o (ex liblpc_chip_82x.a)
    500	      0	      0	    500	    1f4	i2cs_8xx.o (ex liblpc_chip_82x.a)
    756	      0	      0	    756	    2f4	iap.o (ex liblpc_chip_82x.a)
    920	      0	      0	    920	    398	iocon_8xx.o (ex liblpc_chip_82x.a)
   1530	      0	      2	   1532	    5fc	irc_8xx.o (ex liblpc_chip_82x.a)
    244	      0	      0	    244	     f4	pinint_8xx.o (ex liblpc_chip_82x.a)
    256	      0	      0	    256	    100	pmu_8xx.o (ex liblpc_chip_82x.a)
    960	      0	      0	    960	    3c0	ring_buffer.o (ex liblpc_chip_82x.a)
    548	      0	      0	    548	    224	sct_8xx.o (ex liblpc_chip_82x.a)
    500	      0	      0	    500	    1f4	sct_pwm_8xx.o (ex liblpc_chip_82x.a)
   1444	      0	      0	   1444	    5a4	spi_8xx.o (ex liblpc_chip_82x.a)
   1076	      0	      1	   1077	    435	spim_8xx.o (ex liblpc_chip_82x.a)
    736	      0	      1	    737	    2e1	spis_8xx.o (ex liblpc_chip_82x.a)
    656	      0	     12	    668	    29c	stopwatch_8xx.o (ex liblpc_chip_82x.a)
    276	      0	      0	    276	    114	swm_8xx.o (ex liblpc_chip_82x.a)
    224	      0	      0	    224	     e0	syscon_8xx.o (ex liblpc_chip_82x.a)
    292	      0	      0	    292	    124	sysinit_8xx.o (ex liblpc_chip_82x.a)
   1348	      0	      0	   1348	    544	uart_8xx.o (ex liblpc_chip_82x.a)
    180	      0	      0	    180	     b4	wkt_8xx.o (ex liblpc_chip_82x.a)
    264	      0	      0	    264	    108	wwdt_8xx.o (ex liblpc_chip_82x.a)
 

23:57:22 Build Finished (took 2s.516ms)

